2026-06-29 17:01:15 [restartedMain] INFO  [TraceID: ] c.b.l.BleepLearnhubBackendApplication - Starting BleepLearnhubBackendApplication using Java 21.0.8 with PID 8660 (C:\Users\Acer\OneDrive\Desktop\my_work\Bleep-LearnHub-Backend\target\classes started by Acer in C:\Users\Acer\OneDrive\Desktop\my_work\Bleep-LearnHub-Backend)
2026-06-29 17:01:15 [restartedMain] INFO  [TraceID: ] c.b.l.BleepLearnhubBackendApplication - No active profile set, falling back to 1 default profile: "default"
2026-06-29 17:01:17 [restartedMain] INFO  [TraceID: ] o.a.catalina.core.StandardService - Starting service [Tomcat]
2026-06-29 17:01:17 [restartedMain] INFO  [TraceID: ] o.a.catalina.core.StandardEngine - Starting Servlet engine: [Apache Tomcat/11.0.22]
2026-06-29 17:01:19 [restartedMain] INFO  [TraceID: ] com.zaxxer.hikari.HikariDataSource - HikariPool-1 - Starting...
2026-06-29 17:01:19 [restartedMain] INFO  [TraceID: ] com.zaxxer.hikari.pool.HikariPool - HikariPool-1 - Added connection org.postgresql.jdbc.PgConnection@9aaecaf
2026-06-29 17:01:19 [restartedMain] INFO  [TraceID: ] com.zaxxer.hikari.HikariDataSource - HikariPool-1 - Start completed.
2026-06-29 17:01:22 [restartedMain] WARN  [TraceID: ] o.s.b.j.a.JpaBaseConfiguration$JpaWebConfiguration - spring.jpa.open-in-view is enabled by default. Therefore, database queries may be performed during view rendering. Explicitly configure spring.jpa.open-in-view to disable this warning
2026-06-29 17:01:23 [restartedMain] INFO  [TraceID: ] c.b.l.BleepLearnhubBackendApplication - Started BleepLearnhubBackendApplication in 8.365 seconds (process running for 8.915)
2026-06-29 17:01:23 [http-nio-8080-exec-1] INFO  [TraceID: ] o.a.c.c.C.[.[.[/bleep-learnhub-backend/api/v1] - Initializing Spring DispatcherServlet 'dispatcherServlet'
2026-06-29 17:01:23 [http-nio-8080-exec-1] INFO  [TraceID: 2db9320e-53dc-414a-a444-765bdc1e377b] c.b.l.config.MasterLoggingFilter - ---------------------------------------------------------------------------------------------------------------------------------------------------------------------------------
2026-06-29 17:01:23 [http-nio-8080-exec-1] INFO  [TraceID: 2db9320e-53dc-414a-a444-765bdc1e377b] c.b.l.config.MasterLoggingFilter - ---------------------------------------------------------------------------------------------------------------------------------------------------------------------------------
2026-06-29 17:01:23 [http-nio-8080-exec-1] INFO  [TraceID: 2db9320e-53dc-414a-a444-765bdc1e377b] c.b.l.config.MasterLoggingFilter - ---------------------------------------------------------------------------------------------------------------------------------------------------------------------------------
2026-06-29 17:01:23 [http-nio-8080-exec-1] INFO  [TraceID: 2db9320e-53dc-414a-a444-765bdc1e377b] c.b.l.config.MasterLoggingFilter - ---------------------------------------------------------------------------------------------------------------------------------------------------------------------------------
2026-06-29 17:01:23 [http-nio-8080-exec-1] INFO  [TraceID: 2db9320e-53dc-414a-a444-765bdc1e377b] c.b.l.config.MasterLoggingFilter - ---------------------------------------------------------------------------------------------------------------------------------------------------------------------------------
2026-06-29 17:01:23 [http-nio-8080-exec-1] INFO  [TraceID: 2db9320e-53dc-414a-a444-765bdc1e377b] c.b.l.config.MasterLoggingFilter - 🚀 INCOMING API REQUEST: [POST] /bleep-learnhub-backend/api/v1/auth/logout
2026-06-29 17:01:23 [http-nio-8080-exec-1] INFO  [TraceID: 2db9320e-53dc-414a-a444-765bdc1e377b] c.b.l.config.MasterLoggingFilter - 🍪 Cookie: session_id = 845eb429-bfe1-4e97-9a75-f2ed16040c98
2026-06-29 17:01:23 [http-nio-8080-exec-1] INFO  [TraceID: 2db9320e-53dc-414a-a444-765bdc1e377b] c.b.l.config.MasterLoggingFilter - 🏷️ Header: host = localhost:8080
2026-06-29 17:01:23 [http-nio-8080-exec-1] INFO  [TraceID: 2db9320e-53dc-414a-a444-765bdc1e377b] c.b.l.config.MasterLoggingFilter - 🏷️ Header: connection = close
2026-06-29 17:01:23 [http-nio-8080-exec-1] INFO  [TraceID: 2db9320e-53dc-414a-a444-765bdc1e377b] c.b.l.config.MasterLoggingFilter - 🏷️ Header: content-length = 0
2026-06-29 17:01:23 [http-nio-8080-exec-1] INFO  [TraceID: 2db9320e-53dc-414a-a444-765bdc1e377b] c.b.l.config.MasterLoggingFilter - 🏷️ Header: sec-ch-ua-platform = "Windows"
2026-06-29 17:01:23 [http-nio-8080-exec-1] INFO  [TraceID: 2db9320e-53dc-414a-a444-765bdc1e377b] c.b.l.config.MasterLoggingFilter - 🏷️ Header: device-type = desktop
2026-06-29 17:01:23 [http-nio-8080-exec-1] INFO  [TraceID: 2db9320e-53dc-414a-a444-765bdc1e377b] c.b.l.config.MasterLoggingFilter - 🏷️ Header: sec-ch-ua = "Google Chrome";v="149", "Chromium";v="149", "Not)A;Brand";v="24"
2026-06-29 17:01:23 [http-nio-8080-exec-1] INFO  [TraceID: 2db9320e-53dc-414a-a444-765bdc1e377b] c.b.l.config.MasterLoggingFilter - 🏷️ Header: os-name = Windows
2026-06-29 17:01:23 [http-nio-8080-exec-1] INFO  [TraceID: 2db9320e-53dc-414a-a444-765bdc1e377b] c.b.l.config.MasterLoggingFilter - 🏷️ Header: x-application = Project-Bleep
2026-06-29 17:01:23 [http-nio-8080-exec-1] INFO  [TraceID: 2db9320e-53dc-414a-a444-765bdc1e377b] c.b.l.config.MasterLoggingFilter - 🏷️ Header: device-ip = unknown
2026-06-29 17:01:23 [http-nio-8080-exec-1] INFO  [TraceID: 2db9320e-53dc-414a-a444-765bdc1e377b] c.b.l.config.MasterLoggingFilter - 🏷️ Header: sec-ch-ua-mobile = ?0
2026-06-29 17:01:23 [http-nio-8080-exec-1] INFO  [TraceID: 2db9320e-53dc-414a-a444-765bdc1e377b] c.b.l.config.MasterLoggingFilter - 🏷️ Header: device = Unknown
2026-06-29 17:01:23 [http-nio-8080-exec-1] INFO  [TraceID: 2db9320e-53dc-414a-a444-765bdc1e377b] c.b.l.config.MasterLoggingFilter - 🏷️ Header: user-agent = Mozilla/5.0 (Windows NT 10.0; Win64; x64) AppleWebKit/537.36 (KHTML, like Gecko) Chrome/149.0.0.0 Safari/537.36
2026-06-29 17:01:23 [http-nio-8080-exec-1] INFO  [TraceID: 2db9320e-53dc-414a-a444-765bdc1e377b] c.b.l.config.MasterLoggingFilter - 🏷️ Header: accept = application/json, text/plain, */*
2026-06-29 17:01:23 [http-nio-8080-exec-1] INFO  [TraceID: 2db9320e-53dc-414a-a444-765bdc1e377b] c.b.l.config.MasterLoggingFilter - 🏷️ Header: client-version = 149.0
2026-06-29 17:01:23 [http-nio-8080-exec-1] INFO  [TraceID: 2db9320e-53dc-414a-a444-765bdc1e377b] c.b.l.config.MasterLoggingFilter - 🏷️ Header: device-model = Unknown
2026-06-29 17:01:23 [http-nio-8080-exec-1] INFO  [TraceID: 2db9320e-53dc-414a-a444-765bdc1e377b] c.b.l.config.MasterLoggingFilter - 🏷️ Header: client-name = Chrome
2026-06-29 17:01:23 [http-nio-8080-exec-1] INFO  [TraceID: 2db9320e-53dc-414a-a444-765bdc1e377b] c.b.l.config.MasterLoggingFilter - 🏷️ Header: os-version = 10.0
2026-06-29 17:01:23 [http-nio-8080-exec-1] INFO  [TraceID: 2db9320e-53dc-414a-a444-765bdc1e377b] c.b.l.config.MasterLoggingFilter - 🏷️ Header: origin = http://localhost:3000
2026-06-29 17:01:23 [http-nio-8080-exec-1] INFO  [TraceID: 2db9320e-53dc-414a-a444-765bdc1e377b] c.b.l.config.MasterLoggingFilter - 🏷️ Header: sec-fetch-site = same-origin
2026-06-29 17:01:23 [http-nio-8080-exec-1] INFO  [TraceID: 2db9320e-53dc-414a-a444-765bdc1e377b] c.b.l.config.MasterLoggingFilter - 🏷️ Header: sec-fetch-mode = cors
2026-06-29 17:01:23 [http-nio-8080-exec-1] INFO  [TraceID: 2db9320e-53dc-414a-a444-765bdc1e377b] c.b.l.config.MasterLoggingFilter - 🏷️ Header: sec-fetch-dest = empty
2026-06-29 17:01:23 [http-nio-8080-exec-1] INFO  [TraceID: 2db9320e-53dc-414a-a444-765bdc1e377b] c.b.l.config.MasterLoggingFilter - 🏷️ Header: referer = http://localhost:3000/dashboard
2026-06-29 17:01:23 [http-nio-8080-exec-1] INFO  [TraceID: 2db9320e-53dc-414a-a444-765bdc1e377b] c.b.l.config.MasterLoggingFilter - 🏷️ Header: accept-encoding = gzip, deflate, br, zstd
2026-06-29 17:01:23 [http-nio-8080-exec-1] INFO  [TraceID: 2db9320e-53dc-414a-a444-765bdc1e377b] c.b.l.config.MasterLoggingFilter - 🏷️ Header: accept-language = en-GB,en-US;q=0.9,en;q=0.8
2026-06-29 17:01:23 [http-nio-8080-exec-1] INFO  [TraceID: 2db9320e-53dc-414a-a444-765bdc1e377b] c.b.l.config.MasterLoggingFilter - 🏷️ Header: cookie = session_id=845eb429-bfe1-4e97-9a75-f2ed16040c98
2026-06-29 17:01:23 [http-nio-8080-exec-1] INFO  [TraceID: 2db9320e-53dc-414a-a444-765bdc1e377b] c.b.l.s.JwtAuthenticationFilter - 🛡️ [Auth Filter] Intercepted Request for URI: /bleep-learnhub-backend/api/v1/auth/logout
2026-06-29 17:01:23 [http-nio-8080-exec-1] INFO  [TraceID: 2db9320e-53dc-414a-a444-765bdc1e377b] c.b.l.s.JwtAuthenticationFilter - 🔍 Step 1: Searching for 'session_id' cookie...
2026-06-29 17:01:23 [http-nio-8080-exec-1] INFO  [TraceID: 2db9320e-53dc-414a-a444-765bdc1e377b] c.b.l.s.JwtAuthenticationFilter - ✅ Cookie found! Session ID: 845eb429-bfe1-4e97-9a75-f2ed16040c98
2026-06-29 17:01:23 [http-nio-8080-exec-1] INFO  [TraceID: 2db9320e-53dc-414a-a444-765bdc1e377b] c.b.l.s.JwtAuthenticationFilter - 📡 Step 2: Querying Redis for Session ID: 845eb429-bfe1-4e97-9a75-f2ed16040c98
2026-06-29 17:01:24 [http-nio-8080-exec-1] INFO  [TraceID: 2db9320e-53dc-414a-a444-765bdc1e377b] c.b.l.s.JwtAuthenticationFilter - 📦 Step 3: Redis Data Retrieved Successfully!
2026-06-29 17:01:24 [http-nio-8080-exec-1] INFO  [TraceID: 2db9320e-53dc-414a-a444-765bdc1e377b] c.b.l.s.JwtAuthenticationFilter -    ↳ Username: abhi
2026-06-29 17:01:24 [http-nio-8080-exec-1] INFO  [TraceID: 2db9320e-53dc-414a-a444-765bdc1e377b] c.b.l.s.JwtAuthenticationFilter -    ↳ Role: VENDOR
2026-06-29 17:01:24 [http-nio-8080-exec-1] INFO  [TraceID: 2db9320e-53dc-414a-a444-765bdc1e377b] c.b.l.s.JwtAuthenticationFilter -    ↳ Full Redis Payload: LoginResponseDto(user=UserDataDto(id=e222150c-d222-41c7-9251-b1c30703be4b, username=abhi, email=abhicompanybleep@yopmail.com, role=VENDOR, status=ACTIVE, emailVerified=true, lastLoginAt=2026-06-29T16:57:31.601771, createdAt=2026-06-29T14:52:18.727377, updatedAt=2026-06-29T16:57:31.604442, deviceDetails=DeviceDetailsDto(deviceIp=unknown, deviceType=desktop, device=Unknown, deviceModel=Unknown, osName=Windows, osVersion=10.0, clientName=Chrome, clientVersion=149.0)), vendor=VendorDataDto(id=b4d8db45-ba94-441f-9b57-63e903a5db9c, companyName=bleepTest, phone=8794507528, description=test, active=true, createdAt=2026-06-29T14:52:18.735323, deviceDetails=DeviceDetailsDto(deviceIp=unknown, deviceType=desktop, device=Unknown, deviceModel=Unknown, osName=Windows, osVersion=10.0, clientName=Chrome, clientVersion=149.0)), partner=null)
2026-06-29 17:01:24 [http-nio-8080-exec-1] INFO  [TraceID: 2db9320e-53dc-414a-a444-765bdc1e377b] c.b.l.s.JwtAuthenticationFilter - 🔐 Step 4: Populating Spring Security Context...
2026-06-29 17:01:24 [http-nio-8080-exec-1] INFO  [TraceID: 2db9320e-53dc-414a-a444-765bdc1e377b] c.b.l.s.JwtAuthenticationFilter - ✅ Authentication successful for user 'abhi' with role 'VENDOR'.
2026-06-29 17:01:24 [http-nio-8080-exec-1] INFO  [TraceID: 2db9320e-53dc-414a-a444-765bdc1e377b] c.b.l.s.JwtAuthenticationFilter - ➡️ [Auth Filter] Filter execution complete. Proceeding down the filter chain.
2026-06-29 17:01:24 [http-nio-8080-exec-1] INFO  [TraceID: 2db9320e-53dc-414a-a444-765bdc1e377b] c.bleep.learnhub.service.AuthService - AuthService: Logout — invalidating session
2026-06-29 17:01:24 [http-nio-8080-exec-1] INFO  [TraceID: 2db9320e-53dc-414a-a444-765bdc1e377b] c.bleep.learnhub.service.AuthService - AuthService: Session invalidated successfully
2026-06-29 17:01:24 [http-nio-8080-exec-1] INFO  [TraceID: 2db9320e-53dc-414a-a444-765bdc1e377b] c.b.l.config.MasterLoggingFilter - 📦 REQUEST DATA (BODY): [Empty]
2026-06-29 17:01:24 [http-nio-8080-exec-1] INFO  [TraceID: 2db9320e-53dc-414a-a444-765bdc1e377b] c.b.l.config.MasterLoggingFilter - 🏁 RESPONSE STATUS: 200 (Took 847ms)
2026-06-29 17:01:50 [http-nio-8080-exec-2] INFO  [TraceID: 5c300d99-dd3d-48b4-89fc-0c7eddfa3b34] c.b.l.config.MasterLoggingFilter - ---------------------------------------------------------------------------------------------------------------------------------------------------------------------------------
2026-06-29 17:01:50 [http-nio-8080-exec-2] INFO  [TraceID: 5c300d99-dd3d-48b4-89fc-0c7eddfa3b34] c.b.l.config.MasterLoggingFilter - ---------------------------------------------------------------------------------------------------------------------------------------------------------------------------------
2026-06-29 17:01:50 [http-nio-8080-exec-2] INFO  [TraceID: 5c300d99-dd3d-48b4-89fc-0c7eddfa3b34] c.b.l.config.MasterLoggingFilter - ---------------------------------------------------------------------------------------------------------------------------------------------------------------------------------
2026-06-29 17:01:50 [http-nio-8080-exec-2] INFO  [TraceID: 5c300d99-dd3d-48b4-89fc-0c7eddfa3b34] c.b.l.config.MasterLoggingFilter - ---------------------------------------------------------------------------------------------------------------------------------------------------------------------------------
2026-06-29 17:01:50 [http-nio-8080-exec-2] INFO  [TraceID: 5c300d99-dd3d-48b4-89fc-0c7eddfa3b34] c.b.l.config.MasterLoggingFilter - ---------------------------------------------------------------------------------------------------------------------------------------------------------------------------------
2026-06-29 17:01:50 [http-nio-8080-exec-2] INFO  [TraceID: 5c300d99-dd3d-48b4-89fc-0c7eddfa3b34] c.b.l.config.MasterLoggingFilter - 🚀 INCOMING API REQUEST: [POST] /bleep-learnhub-backend/api/v1/auth/login
2026-06-29 17:01:50 [http-nio-8080-exec-2] INFO  [TraceID: 5c300d99-dd3d-48b4-89fc-0c7eddfa3b34] c.b.l.config.MasterLoggingFilter - 🍪 Cookie: None
2026-06-29 17:01:50 [http-nio-8080-exec-2] INFO  [TraceID: 5c300d99-dd3d-48b4-89fc-0c7eddfa3b34] c.b.l.config.MasterLoggingFilter - 🏷️ Header: host = localhost:8080
2026-06-29 17:01:50 [http-nio-8080-exec-2] INFO  [TraceID: 5c300d99-dd3d-48b4-89fc-0c7eddfa3b34] c.b.l.config.MasterLoggingFilter - 🏷️ Header: connection = close
2026-06-29 17:01:50 [http-nio-8080-exec-2] INFO  [TraceID: 5c300d99-dd3d-48b4-89fc-0c7eddfa3b34] c.b.l.config.MasterLoggingFilter - 🏷️ Header: content-length = 43
2026-06-29 17:01:50 [http-nio-8080-exec-2] INFO  [TraceID: 5c300d99-dd3d-48b4-89fc-0c7eddfa3b34] c.b.l.config.MasterLoggingFilter - 🏷️ Header: sec-ch-ua-platform = "Windows"
2026-06-29 17:01:50 [http-nio-8080-exec-2] INFO  [TraceID: 5c300d99-dd3d-48b4-89fc-0c7eddfa3b34] c.b.l.config.MasterLoggingFilter - 🏷️ Header: device-type = desktop
2026-06-29 17:01:50 [http-nio-8080-exec-2] INFO  [TraceID: 5c300d99-dd3d-48b4-89fc-0c7eddfa3b34] c.b.l.config.MasterLoggingFilter - 🏷️ Header: sec-ch-ua = "Google Chrome";v="149", "Chromium";v="149", "Not)A;Brand";v="24"
2026-06-29 17:01:50 [http-nio-8080-exec-2] INFO  [TraceID: 5c300d99-dd3d-48b4-89fc-0c7eddfa3b34] c.b.l.config.MasterLoggingFilter - 🏷️ Header: os-name = Windows
2026-06-29 17:01:50 [http-nio-8080-exec-2] INFO  [TraceID: 5c300d99-dd3d-48b4-89fc-0c7eddfa3b34] c.b.l.config.MasterLoggingFilter - 🏷️ Header: x-application = Project-Bleep
2026-06-29 17:01:50 [http-nio-8080-exec-2] INFO  [TraceID: 5c300d99-dd3d-48b4-89fc-0c7eddfa3b34] c.b.l.config.MasterLoggingFilter - 🏷️ Header: device-ip = unknown
2026-06-29 17:01:50 [http-nio-8080-exec-2] INFO  [TraceID: 5c300d99-dd3d-48b4-89fc-0c7eddfa3b34] c.b.l.config.MasterLoggingFilter - 🏷️ Header: sec-ch-ua-mobile = ?0
2026-06-29 17:01:50 [http-nio-8080-exec-2] INFO  [TraceID: 5c300d99-dd3d-48b4-89fc-0c7eddfa3b34] c.b.l.config.MasterLoggingFilter - 🏷️ Header: device = Unknown
2026-06-29 17:01:50 [http-nio-8080-exec-2] INFO  [TraceID: 5c300d99-dd3d-48b4-89fc-0c7eddfa3b34] c.b.l.config.MasterLoggingFilter - 🏷️ Header: user-agent = Mozilla/5.0 (Windows NT 10.0; Win64; x64) AppleWebKit/537.36 (KHTML, like Gecko) Chrome/149.0.0.0 Safari/537.36
2026-06-29 17:01:50 [http-nio-8080-exec-2] INFO  [TraceID: 5c300d99-dd3d-48b4-89fc-0c7eddfa3b34] c.b.l.config.MasterLoggingFilter - 🏷️ Header: accept = application/json, text/plain, */*
2026-06-29 17:01:50 [http-nio-8080-exec-2] INFO  [TraceID: 5c300d99-dd3d-48b4-89fc-0c7eddfa3b34] c.b.l.config.MasterLoggingFilter - 🏷️ Header: content-type = application/json
2026-06-29 17:01:50 [http-nio-8080-exec-2] INFO  [TraceID: 5c300d99-dd3d-48b4-89fc-0c7eddfa3b34] c.b.l.config.MasterLoggingFilter - 🏷️ Header: client-version = 149.0
2026-06-29 17:01:50 [http-nio-8080-exec-2] INFO  [TraceID: 5c300d99-dd3d-48b4-89fc-0c7eddfa3b34] c.b.l.config.MasterLoggingFilter - 🏷️ Header: device-model = Unknown
2026-06-29 17:01:50 [http-nio-8080-exec-2] INFO  [TraceID: 5c300d99-dd3d-48b4-89fc-0c7eddfa3b34] c.b.l.config.MasterLoggingFilter - 🏷️ Header: client-name = Chrome
2026-06-29 17:01:50 [http-nio-8080-exec-2] INFO  [TraceID: 5c300d99-dd3d-48b4-89fc-0c7eddfa3b34] c.b.l.config.MasterLoggingFilter - 🏷️ Header: os-version = 10.0
2026-06-29 17:01:50 [http-nio-8080-exec-2] INFO  [TraceID: 5c300d99-dd3d-48b4-89fc-0c7eddfa3b34] c.b.l.config.MasterLoggingFilter - 🏷️ Header: origin = http://localhost:3000
2026-06-29 17:01:50 [http-nio-8080-exec-2] INFO  [TraceID: 5c300d99-dd3d-48b4-89fc-0c7eddfa3b34] c.b.l.config.MasterLoggingFilter - 🏷️ Header: sec-fetch-site = same-origin
2026-06-29 17:01:50 [http-nio-8080-exec-2] INFO  [TraceID: 5c300d99-dd3d-48b4-89fc-0c7eddfa3b34] c.b.l.config.MasterLoggingFilter - 🏷️ Header: sec-fetch-mode = cors
2026-06-29 17:01:50 [http-nio-8080-exec-2] INFO  [TraceID: 5c300d99-dd3d-48b4-89fc-0c7eddfa3b34] c.b.l.config.MasterLoggingFilter - 🏷️ Header: sec-fetch-dest = empty
2026-06-29 17:01:50 [http-nio-8080-exec-2] INFO  [TraceID: 5c300d99-dd3d-48b4-89fc-0c7eddfa3b34] c.b.l.config.MasterLoggingFilter - 🏷️ Header: referer = http://localhost:3000/login
2026-06-29 17:01:50 [http-nio-8080-exec-2] INFO  [TraceID: 5c300d99-dd3d-48b4-89fc-0c7eddfa3b34] c.b.l.config.MasterLoggingFilter - 🏷️ Header: accept-encoding = gzip, deflate, br, zstd
2026-06-29 17:01:50 [http-nio-8080-exec-2] INFO  [TraceID: 5c300d99-dd3d-48b4-89fc-0c7eddfa3b34] c.b.l.config.MasterLoggingFilter - 🏷️ Header: accept-language = en-GB,en-US;q=0.9,en;q=0.8
2026-06-29 17:01:50 [http-nio-8080-exec-2] INFO  [TraceID: 5c300d99-dd3d-48b4-89fc-0c7eddfa3b34] c.b.l.s.JwtAuthenticationFilter - 🛡️ [Auth Filter] Intercepted Request for URI: /bleep-learnhub-backend/api/v1/auth/login
2026-06-29 17:01:50 [http-nio-8080-exec-2] INFO  [TraceID: 5c300d99-dd3d-48b4-89fc-0c7eddfa3b34] c.b.l.s.JwtAuthenticationFilter - 🔍 Step 1: Searching for 'session_id' cookie...
2026-06-29 17:01:50 [http-nio-8080-exec-2] INFO  [TraceID: 5c300d99-dd3d-48b4-89fc-0c7eddfa3b34] c.b.l.s.JwtAuthenticationFilter -    ↳ Cookie array is completely null (browser sent zero cookies).
2026-06-29 17:01:50 [http-nio-8080-exec-2] WARN  [TraceID: 5c300d99-dd3d-48b4-89fc-0c7eddfa3b34] c.b.l.s.JwtAuthenticationFilter - ⚠️ [UNAUTHENTICATED] No 'session_id' cookie found. Passing request to downstream security.
2026-06-29 17:01:51 [http-nio-8080-exec-2] INFO  [TraceID: 5c300d99-dd3d-48b4-89fc-0c7eddfa3b34] c.bleep.learnhub.service.AuthService - AuthService: Login attempt — username='abhi'
2026-06-29 17:01:51 [http-nio-8080-exec-2] INFO  [TraceID: 5c300d99-dd3d-48b4-89fc-0c7eddfa3b34] c.bleep.learnhub.service.AuthService - AuthService: Credentials verified for username='abhi'
2026-06-29 17:01:51 [http-nio-8080-exec-2] INFO  [TraceID: 5c300d99-dd3d-48b4-89fc-0c7eddfa3b34] c.bleep.learnhub.service.AuthService - AuthService: Login successful — username='abhi', role='VENDOR', sessionId='c76f3702'...
2026-06-29 17:01:51 [http-nio-8080-exec-2] INFO  [TraceID: 5c300d99-dd3d-48b4-89fc-0c7eddfa3b34] c.b.l.config.MasterLoggingFilter - 📦 REQUEST DATA (BODY): {"username":"abhi","password":"12345678@N"}
2026-06-29 17:01:51 [http-nio-8080-exec-2] INFO  [TraceID: 5c300d99-dd3d-48b4-89fc-0c7eddfa3b34] c.b.l.config.MasterLoggingFilter - 🏁 RESPONSE STATUS: 200 (Took 345ms)
2026-06-29 17:01:57 [http-nio-8080-exec-3] INFO  [TraceID: 22eeff11-d2af-4583-87f8-b6ce78505e17] c.b.l.config.MasterLoggingFilter - ---------------------------------------------------------------------------------------------------------------------------------------------------------------------------------
2026-06-29 17:01:57 [http-nio-8080-exec-3] INFO  [TraceID: 22eeff11-d2af-4583-87f8-b6ce78505e17] c.b.l.config.MasterLoggingFilter - ---------------------------------------------------------------------------------------------------------------------------------------------------------------------------------
2026-06-29 17:01:57 [http-nio-8080-exec-3] INFO  [TraceID: 22eeff11-d2af-4583-87f8-b6ce78505e17] c.b.l.config.MasterLoggingFilter - ---------------------------------------------------------------------------------------------------------------------------------------------------------------------------------
2026-06-29 17:01:57 [http-nio-8080-exec-3] INFO  [TraceID: 22eeff11-d2af-4583-87f8-b6ce78505e17] c.b.l.config.MasterLoggingFilter - ---------------------------------------------------------------------------------------------------------------------------------------------------------------------------------
2026-06-29 17:01:57 [http-nio-8080-exec-3] INFO  [TraceID: 22eeff11-d2af-4583-87f8-b6ce78505e17] c.b.l.config.MasterLoggingFilter - ---------------------------------------------------------------------------------------------------------------------------------------------------------------------------------
2026-06-29 17:01:57 [http-nio-8080-exec-3] INFO  [TraceID: 22eeff11-d2af-4583-87f8-b6ce78505e17] c.b.l.config.MasterLoggingFilter - 🚀 INCOMING API REQUEST: [POST] /bleep-learnhub-backend/api/v1/auth/logout
2026-06-29 17:01:57 [http-nio-8080-exec-3] INFO  [TraceID: 22eeff11-d2af-4583-87f8-b6ce78505e17] c.b.l.config.MasterLoggingFilter - 🍪 Cookie: session_id = 6abb8a8a-9edf-4df8-89d8-386726ab4f11
2026-06-29 17:01:57 [http-nio-8080-exec-3] INFO  [TraceID: 22eeff11-d2af-4583-87f8-b6ce78505e17] c.b.l.config.MasterLoggingFilter - 🏷️ Header: host = localhost:8080
2026-06-29 17:01:57 [http-nio-8080-exec-3] INFO  [TraceID: 22eeff11-d2af-4583-87f8-b6ce78505e17] c.b.l.config.MasterLoggingFilter - 🏷️ Header: connection = close
2026-06-29 17:01:57 [http-nio-8080-exec-3] INFO  [TraceID: 22eeff11-d2af-4583-87f8-b6ce78505e17] c.b.l.config.MasterLoggingFilter - 🏷️ Header: content-length = 0
2026-06-29 17:01:57 [http-nio-8080-exec-3] INFO  [TraceID: 22eeff11-d2af-4583-87f8-b6ce78505e17] c.b.l.config.MasterLoggingFilter - 🏷️ Header: device-type = desktop
2026-06-29 17:01:57 [http-nio-8080-exec-3] INFO  [TraceID: 22eeff11-d2af-4583-87f8-b6ce78505e17] c.b.l.config.MasterLoggingFilter - 🏷️ Header: os-name = Windows
2026-06-29 17:01:57 [http-nio-8080-exec-3] INFO  [TraceID: 22eeff11-d2af-4583-87f8-b6ce78505e17] c.b.l.config.MasterLoggingFilter - 🏷️ Header: x-application = Project-Bleep
2026-06-29 17:01:57 [http-nio-8080-exec-3] INFO  [TraceID: 22eeff11-d2af-4583-87f8-b6ce78505e17] c.b.l.config.MasterLoggingFilter - 🏷️ Header: device-ip = unknown
2026-06-29 17:01:57 [http-nio-8080-exec-3] INFO  [TraceID: 22eeff11-d2af-4583-87f8-b6ce78505e17] c.b.l.config.MasterLoggingFilter - 🏷️ Header: device = Unknown
2026-06-29 17:01:57 [http-nio-8080-exec-3] INFO  [TraceID: 22eeff11-d2af-4583-87f8-b6ce78505e17] c.b.l.config.MasterLoggingFilter - 🏷️ Header: user-agent = Mozilla/5.0 (Windows NT 10.0; Win64; x64) AppleWebKit/537.36 (KHTML, like Gecko) Chrome/149.0.0.0 Safari/537.36
2026-06-29 17:01:57 [http-nio-8080-exec-3] INFO  [TraceID: 22eeff11-d2af-4583-87f8-b6ce78505e17] c.b.l.config.MasterLoggingFilter - 🏷️ Header: accept = application/json, text/plain, */*
2026-06-29 17:01:57 [http-nio-8080-exec-3] INFO  [TraceID: 22eeff11-d2af-4583-87f8-b6ce78505e17] c.b.l.config.MasterLoggingFilter - 🏷️ Header: client-version = 149.0
2026-06-29 17:01:57 [http-nio-8080-exec-3] INFO  [TraceID: 22eeff11-d2af-4583-87f8-b6ce78505e17] c.b.l.config.MasterLoggingFilter - 🏷️ Header: device-model = Unknown
2026-06-29 17:01:57 [http-nio-8080-exec-3] INFO  [TraceID: 22eeff11-d2af-4583-87f8-b6ce78505e17] c.b.l.config.MasterLoggingFilter - 🏷️ Header: client-name = Chrome
2026-06-29 17:01:57 [http-nio-8080-exec-3] INFO  [TraceID: 22eeff11-d2af-4583-87f8-b6ce78505e17] c.b.l.config.MasterLoggingFilter - 🏷️ Header: os-version = 10.0
2026-06-29 17:01:57 [http-nio-8080-exec-3] INFO  [TraceID: 22eeff11-d2af-4583-87f8-b6ce78505e17] c.b.l.config.MasterLoggingFilter - 🏷️ Header: origin = http://10.183.9.185:3000
2026-06-29 17:01:57 [http-nio-8080-exec-3] INFO  [TraceID: 22eeff11-d2af-4583-87f8-b6ce78505e17] c.b.l.config.MasterLoggingFilter - 🏷️ Header: referer = http://10.183.9.185:3000/dashboard
2026-06-29 17:01:57 [http-nio-8080-exec-3] INFO  [TraceID: 22eeff11-d2af-4583-87f8-b6ce78505e17] c.b.l.config.MasterLoggingFilter - 🏷️ Header: accept-encoding = gzip, deflate
2026-06-29 17:01:57 [http-nio-8080-exec-3] INFO  [TraceID: 22eeff11-d2af-4583-87f8-b6ce78505e17] c.b.l.config.MasterLoggingFilter - 🏷️ Header: accept-language = en-GB,en-US;q=0.9,en;q=0.8
2026-06-29 17:01:57 [http-nio-8080-exec-3] INFO  [TraceID: 22eeff11-d2af-4583-87f8-b6ce78505e17] c.b.l.config.MasterLoggingFilter - 🏷️ Header: cookie = session_id=6abb8a8a-9edf-4df8-89d8-386726ab4f11
2026-06-29 17:01:57 [http-nio-8080-exec-3] INFO  [TraceID: 22eeff11-d2af-4583-87f8-b6ce78505e17] c.b.l.s.JwtAuthenticationFilter - 🛡️ [Auth Filter] Intercepted Request for URI: /bleep-learnhub-backend/api/v1/auth/logout
2026-06-29 17:01:57 [http-nio-8080-exec-3] INFO  [TraceID: 22eeff11-d2af-4583-87f8-b6ce78505e17] c.b.l.s.JwtAuthenticationFilter - 🔍 Step 1: Searching for 'session_id' cookie...
2026-06-29 17:01:57 [http-nio-8080-exec-3] INFO  [TraceID: 22eeff11-d2af-4583-87f8-b6ce78505e17] c.b.l.s.JwtAuthenticationFilter - ✅ Cookie found! Session ID: 6abb8a8a-9edf-4df8-89d8-386726ab4f11
2026-06-29 17:01:57 [http-nio-8080-exec-3] INFO  [TraceID: 22eeff11-d2af-4583-87f8-b6ce78505e17] c.b.l.s.JwtAuthenticationFilter - 📡 Step 2: Querying Redis for Session ID: 6abb8a8a-9edf-4df8-89d8-386726ab4f11
2026-06-29 17:01:57 [http-nio-8080-exec-3] INFO  [TraceID: 22eeff11-d2af-4583-87f8-b6ce78505e17] c.b.l.s.JwtAuthenticationFilter - 📦 Step 3: Redis Data Retrieved Successfully!
2026-06-29 17:01:57 [http-nio-8080-exec-3] INFO  [TraceID: 22eeff11-d2af-4583-87f8-b6ce78505e17] c.b.l.s.JwtAuthenticationFilter -    ↳ Username: partner1
2026-06-29 17:01:57 [http-nio-8080-exec-3] INFO  [TraceID: 22eeff11-d2af-4583-87f8-b6ce78505e17] c.b.l.s.JwtAuthenticationFilter -    ↳ Role: PARTNER
2026-06-29 17:01:57 [http-nio-8080-exec-3] INFO  [TraceID: 22eeff11-d2af-4583-87f8-b6ce78505e17] c.b.l.s.JwtAuthenticationFilter -    ↳ Full Redis Payload: LoginResponseDto(user=UserDataDto(id=8a61e0b6-2ebf-4888-89ab-ae50d020396e, username=partner1, email=partner1bleep@yopmail.com, role=PARTNER, status=ACTIVE, emailVerified=true, lastLoginAt=null, createdAt=2026-06-29T16:13:02.499400, updatedAt=2026-06-29T16:14:48.892405, deviceDetails=DeviceDetailsDto(deviceIp=unknown, deviceType=desktop, device=Unknown, deviceModel=Unknown, osName=Windows, osVersion=10.0, clientName=Chrome, clientVersion=149.0)), vendor=VendorDataDto(id=b4d8db45-ba94-441f-9b57-63e903a5db9c, companyName=bleepTest, phone=8794507528, description=test, active=true, createdAt=2026-06-29T14:52:18.735323, deviceDetails=DeviceDetailsDto(deviceIp=unknown, deviceType=desktop, device=Unknown, deviceModel=Unknown, osName=Windows, osVersion=10.0, clientName=Chrome, clientVersion=149.0)), partner=PartnerDataDto(id=f4365179-c413-466f-9751-b01185d0d9a8, companyName=Partner 1, phone=8794507528, description=partner, active=true, vendorId=b4d8db45-ba94-441f-9b57-63e903a5db9c, createdAt=2026-06-29T16:13:02.507201, deviceDetails=DeviceDetailsDto(deviceIp=unknown, deviceType=desktop, device=Unknown, deviceModel=Unknown, osName=Windows, osVersion=10.0, clientName=Chrome, clientVersion=149.0)))
2026-06-29 17:01:57 [http-nio-8080-exec-3] INFO  [TraceID: 22eeff11-d2af-4583-87f8-b6ce78505e17] c.b.l.s.JwtAuthenticationFilter - 🔐 Step 4: Populating Spring Security Context...
2026-06-29 17:01:57 [http-nio-8080-exec-3] INFO  [TraceID: 22eeff11-d2af-4583-87f8-b6ce78505e17] c.b.l.s.JwtAuthenticationFilter - ✅ Authentication successful for user 'partner1' with role 'PARTNER'.
2026-06-29 17:01:57 [http-nio-8080-exec-3] INFO  [TraceID: 22eeff11-d2af-4583-87f8-b6ce78505e17] c.b.l.s.JwtAuthenticationFilter - ➡️ [Auth Filter] Filter execution complete. Proceeding down the filter chain.
2026-06-29 17:01:57 [http-nio-8080-exec-3] INFO  [TraceID: 22eeff11-d2af-4583-87f8-b6ce78505e17] c.bleep.learnhub.service.AuthService - AuthService: Logout — invalidating session
2026-06-29 17:01:57 [http-nio-8080-exec-3] INFO  [TraceID: 22eeff11-d2af-4583-87f8-b6ce78505e17] c.bleep.learnhub.service.AuthService - AuthService: Session invalidated successfully
2026-06-29 17:01:57 [http-nio-8080-exec-3] INFO  [TraceID: 22eeff11-d2af-4583-87f8-b6ce78505e17] c.b.l.config.MasterLoggingFilter - 📦 REQUEST DATA (BODY): [Empty]
2026-06-29 17:01:57 [http-nio-8080-exec-3] INFO  [TraceID: 22eeff11-d2af-4583-87f8-b6ce78505e17] c.b.l.config.MasterLoggingFilter - 🏁 RESPONSE STATUS: 200 (Took 127ms)
2026-06-29 17:02:08 [http-nio-8080-exec-4] INFO  [TraceID: ee73078a-7472-4f42-9e79-bc25b297fc6c] c.b.l.config.MasterLoggingFilter - ---------------------------------------------------------------------------------------------------------------------------------------------------------------------------------
2026-06-29 17:02:08 [http-nio-8080-exec-4] INFO  [TraceID: ee73078a-7472-4f42-9e79-bc25b297fc6c] c.b.l.config.MasterLoggingFilter - ---------------------------------------------------------------------------------------------------------------------------------------------------------------------------------
2026-06-29 17:02:08 [http-nio-8080-exec-4] INFO  [TraceID: ee73078a-7472-4f42-9e79-bc25b297fc6c] c.b.l.config.MasterLoggingFilter - ---------------------------------------------------------------------------------------------------------------------------------------------------------------------------------
2026-06-29 17:02:08 [http-nio-8080-exec-4] INFO  [TraceID: ee73078a-7472-4f42-9e79-bc25b297fc6c] c.b.l.config.MasterLoggingFilter - ---------------------------------------------------------------------------------------------------------------------------------------------------------------------------------
2026-06-29 17:02:08 [http-nio-8080-exec-4] INFO  [TraceID: ee73078a-7472-4f42-9e79-bc25b297fc6c] c.b.l.config.MasterLoggingFilter - ---------------------------------------------------------------------------------------------------------------------------------------------------------------------------------
2026-06-29 17:02:08 [http-nio-8080-exec-4] INFO  [TraceID: ee73078a-7472-4f42-9e79-bc25b297fc6c] c.b.l.config.MasterLoggingFilter - 🚀 INCOMING API REQUEST: [POST] /bleep-learnhub-backend/api/v1/auth/login
2026-06-29 17:02:08 [http-nio-8080-exec-4] INFO  [TraceID: ee73078a-7472-4f42-9e79-bc25b297fc6c] c.b.l.config.MasterLoggingFilter - 🍪 Cookie: None
2026-06-29 17:02:08 [http-nio-8080-exec-4] INFO  [TraceID: ee73078a-7472-4f42-9e79-bc25b297fc6c] c.b.l.config.MasterLoggingFilter - 🏷️ Header: host = localhost:8080
2026-06-29 17:02:08 [http-nio-8080-exec-4] INFO  [TraceID: ee73078a-7472-4f42-9e79-bc25b297fc6c] c.b.l.config.MasterLoggingFilter - 🏷️ Header: connection = close
2026-06-29 17:02:08 [http-nio-8080-exec-4] INFO  [TraceID: ee73078a-7472-4f42-9e79-bc25b297fc6c] c.b.l.config.MasterLoggingFilter - 🏷️ Header: content-length = 43
2026-06-29 17:02:08 [http-nio-8080-exec-4] INFO  [TraceID: ee73078a-7472-4f42-9e79-bc25b297fc6c] c.b.l.config.MasterLoggingFilter - 🏷️ Header: device-type = desktop
2026-06-29 17:02:08 [http-nio-8080-exec-4] INFO  [TraceID: ee73078a-7472-4f42-9e79-bc25b297fc6c] c.b.l.config.MasterLoggingFilter - 🏷️ Header: os-name = Windows
2026-06-29 17:02:08 [http-nio-8080-exec-4] INFO  [TraceID: ee73078a-7472-4f42-9e79-bc25b297fc6c] c.b.l.config.MasterLoggingFilter - 🏷️ Header: x-application = Project-Bleep
2026-06-29 17:02:08 [http-nio-8080-exec-4] INFO  [TraceID: ee73078a-7472-4f42-9e79-bc25b297fc6c] c.b.l.config.MasterLoggingFilter - 🏷️ Header: device-ip = unknown
2026-06-29 17:02:08 [http-nio-8080-exec-4] INFO  [TraceID: ee73078a-7472-4f42-9e79-bc25b297fc6c] c.b.l.config.MasterLoggingFilter - 🏷️ Header: device = Unknown
2026-06-29 17:02:08 [http-nio-8080-exec-4] INFO  [TraceID: ee73078a-7472-4f42-9e79-bc25b297fc6c] c.b.l.config.MasterLoggingFilter - 🏷️ Header: user-agent = Mozilla/5.0 (Windows NT 10.0; Win64; x64) AppleWebKit/537.36 (KHTML, like Gecko) Chrome/149.0.0.0 Safari/537.36
2026-06-29 17:02:08 [http-nio-8080-exec-4] INFO  [TraceID: ee73078a-7472-4f42-9e79-bc25b297fc6c] c.b.l.config.MasterLoggingFilter - 🏷️ Header: accept = application/json, text/plain, */*
2026-06-29 17:02:08 [http-nio-8080-exec-4] INFO  [TraceID: ee73078a-7472-4f42-9e79-bc25b297fc6c] c.b.l.config.MasterLoggingFilter - 🏷️ Header: content-type = application/json
2026-06-29 17:02:08 [http-nio-8080-exec-4] INFO  [TraceID: ee73078a-7472-4f42-9e79-bc25b297fc6c] c.b.l.config.MasterLoggingFilter - 🏷️ Header: client-version = 149.0
2026-06-29 17:02:08 [http-nio-8080-exec-4] INFO  [TraceID: ee73078a-7472-4f42-9e79-bc25b297fc6c] c.b.l.config.MasterLoggingFilter - 🏷️ Header: device-model = Unknown
2026-06-29 17:02:08 [http-nio-8080-exec-4] INFO  [TraceID: ee73078a-7472-4f42-9e79-bc25b297fc6c] c.b.l.config.MasterLoggingFilter - 🏷️ Header: client-name = Chrome
2026-06-29 17:02:08 [http-nio-8080-exec-4] INFO  [TraceID: ee73078a-7472-4f42-9e79-bc25b297fc6c] c.b.l.config.MasterLoggingFilter - 🏷️ Header: os-version = 10.0
2026-06-29 17:02:08 [http-nio-8080-exec-4] INFO  [TraceID: ee73078a-7472-4f42-9e79-bc25b297fc6c] c.b.l.config.MasterLoggingFilter - 🏷️ Header: origin = http://10.183.9.185:3000
2026-06-29 17:02:08 [http-nio-8080-exec-4] INFO  [TraceID: ee73078a-7472-4f42-9e79-bc25b297fc6c] c.b.l.config.MasterLoggingFilter - 🏷️ Header: referer = http://10.183.9.185:3000/login
2026-06-29 17:02:08 [http-nio-8080-exec-4] INFO  [TraceID: ee73078a-7472-4f42-9e79-bc25b297fc6c] c.b.l.config.MasterLoggingFilter - 🏷️ Header: accept-encoding = gzip, deflate
2026-06-29 17:02:08 [http-nio-8080-exec-4] INFO  [TraceID: ee73078a-7472-4f42-9e79-bc25b297fc6c] c.b.l.config.MasterLoggingFilter - 🏷️ Header: accept-language = en-GB,en-US;q=0.9,en;q=0.8
2026-06-29 17:02:08 [http-nio-8080-exec-4] INFO  [TraceID: ee73078a-7472-4f42-9e79-bc25b297fc6c] c.b.l.s.JwtAuthenticationFilter - 🛡️ [Auth Filter] Intercepted Request for URI: /bleep-learnhub-backend/api/v1/auth/login
2026-06-29 17:02:08 [http-nio-8080-exec-4] INFO  [TraceID: ee73078a-7472-4f42-9e79-bc25b297fc6c] c.b.l.s.JwtAuthenticationFilter - 🔍 Step 1: Searching for 'session_id' cookie...
2026-06-29 17:02:08 [http-nio-8080-exec-4] INFO  [TraceID: ee73078a-7472-4f42-9e79-bc25b297fc6c] c.b.l.s.JwtAuthenticationFilter -    ↳ Cookie array is completely null (browser sent zero cookies).
2026-06-29 17:02:08 [http-nio-8080-exec-4] WARN  [TraceID: ee73078a-7472-4f42-9e79-bc25b297fc6c] c.b.l.s.JwtAuthenticationFilter - ⚠️ [UNAUTHENTICATED] No 'session_id' cookie found. Passing request to downstream security.
2026-06-29 17:02:08 [http-nio-8080-exec-4] INFO  [TraceID: ee73078a-7472-4f42-9e79-bc25b297fc6c] c.bleep.learnhub.service.AuthService - AuthService: Login attempt — username='admin'
2026-06-29 17:02:08 [http-nio-8080-exec-4] INFO  [TraceID: ee73078a-7472-4f42-9e79-bc25b297fc6c] c.bleep.learnhub.service.AuthService - AuthService: Credentials verified for username='admin'
2026-06-29 17:02:08 [http-nio-8080-exec-4] INFO  [TraceID: ee73078a-7472-4f42-9e79-bc25b297fc6c] c.bleep.learnhub.service.AuthService - AuthService: Login successful — username='admin', role='SUPER_ADMIN', sessionId='8e09b904'...
2026-06-29 17:02:08 [http-nio-8080-exec-4] INFO  [TraceID: ee73078a-7472-4f42-9e79-bc25b297fc6c] c.b.l.config.MasterLoggingFilter - 📦 REQUEST DATA (BODY): {"username":"admin","password":"Admin@123"}
2026-06-29 17:02:08 [http-nio-8080-exec-4] INFO  [TraceID: ee73078a-7472-4f42-9e79-bc25b297fc6c] c.b.l.config.MasterLoggingFilter - 🏁 RESPONSE STATUS: 200 (Took 89ms)
2026-06-29 17:05:34 [Thread-1] INFO  [TraceID: ] com.zaxxer.hikari.HikariDataSource - HikariPool-1 - Shutdown initiated...
2026-06-29 17:05:34 [Thread-1] INFO  [TraceID: ] com.zaxxer.hikari.HikariDataSource - HikariPool-1 - Shutdown completed.
2026-06-29 17:05:34 [restartedMain] INFO  [TraceID: ] c.b.l.BleepLearnhubBackendApplication - Starting BleepLearnhubBackendApplication using Java 21.0.8 with PID 8660 (C:\Users\Acer\OneDrive\Desktop\my_work\Bleep-LearnHub-Backend\target\classes started by Acer in C:\Users\Acer\OneDrive\Desktop\my_work\Bleep-LearnHub-Backend)
2026-06-29 17:05:34 [restartedMain] INFO  [TraceID: ] c.b.l.BleepLearnhubBackendApplication - No active profile set, falling back to 1 default profile: "default"
2026-06-29 17:05:34 [restartedMain] INFO  [TraceID: ] o.a.catalina.core.StandardService - Starting service [Tomcat]
2026-06-29 17:05:34 [restartedMain] INFO  [TraceID: ] o.a.catalina.core.StandardEngine - Starting Servlet engine: [Apache Tomcat/11.0.22]
2026-06-29 17:05:34 [restartedMain] INFO  [TraceID: ] com.zaxxer.hikari.HikariDataSource - HikariPool-2 - Starting...
2026-06-29 17:05:34 [restartedMain] INFO  [TraceID: ] com.zaxxer.hikari.pool.HikariPool - HikariPool-2 - Added connection org.postgresql.jdbc.PgConnection@2132bfd4
2026-06-29 17:05:34 [restartedMain] INFO  [TraceID: ] com.zaxxer.hikari.HikariDataSource - HikariPool-2 - Start completed.
2026-06-29 17:05:35 [restartedMain] WARN  [TraceID: ] o.s.b.j.a.JpaBaseConfiguration$JpaWebConfiguration - spring.jpa.open-in-view is enabled by default. Therefore, database queries may be performed during view rendering. Explicitly configure spring.jpa.open-in-view to disable this warning
2026-06-29 17:05:35 [restartedMain] INFO  [TraceID: ] c.b.l.BleepLearnhubBackendApplication - Started BleepLearnhubBackendApplication in 1.618 seconds (process running for 261.277)
